#-----------------------------------------------------------
# Vivado v2022.2 (64-bit)
# SW Build 3671981 on Fri Oct 14 05:00:03 MDT 2022
# IP Build 3669848 on Fri Oct 14 08:30:02 MDT 2022
# Start of session at: Sat May 18 13:09:42 2024
# Process ID: 19080
# Current directory: C:/Users/LENOVO/Desktop/CE409/PRACTICE/NguyenGiaBaoNgoc_21520366_LAB02_Vivado/Router
# Command line: vivado.exe -gui_launcher_event rodinguilauncherevent13792 C:\Users\LENOVO\Desktop\CE409\PRACTICE\NguyenGiaBaoNgoc_21520366_LAB02_Vivado\Router\Router.xpr
# Log file: C:/Users/LENOVO/Desktop/CE409/PRACTICE/NguyenGiaBaoNgoc_21520366_LAB02_Vivado/Router/vivado.log
# Journal file: C:/Users/LENOVO/Desktop/CE409/PRACTICE/NguyenGiaBaoNgoc_21520366_LAB02_Vivado/Router\vivado.jou
# Running On: BaoNgoc, OS: Windows, CPU Frequency: 2803 MHz, CPU Physical cores: 4, Host memory: 8379 MB
#-----------------------------------------------------------
start_gui
open_project C:/Users/LENOVO/Desktop/CE409/PRACTICE/NguyenGiaBaoNgoc_21520366_LAB02_Vivado/Router/Router.xpr
update_compile_order -fileset sources_1
launch_simulation
open_wave_config C:/Users/LENOVO/Desktop/CE409/PRACTICE/NguyenGiaBaoNgoc_21520366_LAB02_Vivado/Router/router_test_top_behav.wcfg
source Router_tb2.tcl
close_sim
launch_simulation
open_wave_config C:/Users/LENOVO/Desktop/CE409/PRACTICE/NguyenGiaBaoNgoc_21520366_LAB02_Vivado/Router/router_test_top_behav.wcfg
source Router_tb2.tcl
close_sim
launch_simulation
open_wave_config C:/Users/LENOVO/Desktop/CE409/PRACTICE/NguyenGiaBaoNgoc_21520366_LAB02_Vivado/Router/router_test_top_behav.wcfg
source Router_tb2.tcl
close_sim
launch_simulation
open_wave_config C:/Users/LENOVO/Desktop/CE409/PRACTICE/NguyenGiaBaoNgoc_21520366_LAB02_Vivado/Router/router_test_top_behav.wcfg
source Router_tb2.tcl
save_wave_config {C:/Users/LENOVO/Desktop/CE409/PRACTICE/NguyenGiaBaoNgoc_21520366_LAB02_Vivado/Router/router_test_top_behav.wcfg}
close_sim
launch_simulation
open_wave_config C:/Users/LENOVO/Desktop/CE409/PRACTICE/NguyenGiaBaoNgoc_21520366_LAB02_Vivado/Router/router_test_top_behav.wcfg
source Router_tb2.tcl
# Disabling source management mode.  This is to allow the top design properties to be set without GUI intervention.
set_property source_mgmt_mode None [current_project]
set_property top router_test_top [get_filesets sim_1]
set_property top_lib xil_defaultlib [get_filesets sim_1]
# Re-enabling previously disabled source management mode.
set_property source_mgmt_mode All [current_project]
update_compile_order -fileset sim_1
launch_simulation
launch_simulation
close_sim
